###############################################################################
#                                                                             #
# IAR ELF Linker V6.40.4.54170/W32 for ARM              13/Dec/2018  10:30:30 #
# Copyright 2007-2012 IAR Systems AB.                                         #
#                                                                             #
#    Output file  =  C:\Users\Administrator.HUAGE-20180601Q\Desktop\TS80      #
#                    1.07a\S080App_V2.17\Exe\APP.out                          #
#    Map file     =  C:\Users\Administrator.HUAGE-20180601Q\Desktop\TS80      #
#                    1.07a\S080App_V2.17\..\TEMP\APP.List\APP.map             #
#    Command line =  "C:\Users\Administrator.HUAGE-20180601Q\Desktop\TS80     #
#                    1.07a\TEMP\APP.Obj\Bios.o" "C:\Users\Administrator.HUAGE #
#                    -20180601Q\Desktop\TS80 1.07a\TEMP\APP.Obj\CTRL.o"       #
#                    "C:\Users\Administrator.HUAGE-20180601Q\Desktop\TS80     #
#                    1.07a\TEMP\APP.Obj\Disk.o" "C:\Users\Administrator.HUAGE #
#                    -20180601Q\Desktop\TS80 1.07a\TEMP\APP.Obj\Ext_Flash.o"  #
#                    "C:\Users\Administrator.HUAGE-20180601Q\Desktop\TS80     #
#                    1.07a\TEMP\APP.Obj\Flash.o"                              #
#                    "C:\Users\Administrator.HUAGE-20180601Q\Desktop\TS80     #
#                    1.07a\TEMP\APP.Obj\HARDWARE.o"                           #
#                    "C:\Users\Administrator.HUAGE-20180601Q\Desktop\TS80     #
#                    1.07a\TEMP\APP.Obj\I2C.o" "C:\Users\Administrator.HUAGE- #
#                    20180601Q\Desktop\TS80 1.07a\TEMP\APP.Obj\Interrupt.o"   #
#                    "C:\Users\Administrator.HUAGE-20180601Q\Desktop\TS80     #
#                    1.07a\TEMP\APP.Obj\MMA8652FC.o"                          #
#                    "C:\Users\Administrator.HUAGE-20180601Q\Desktop\TS80     #
#                    1.07a\TEMP\APP.Obj\Main.o" "C:\Users\Administrator.HUAGE #
#                    -20180601Q\Desktop\TS80 1.07a\TEMP\APP.Obj\Oled.o"       #
#                    "C:\Users\Administrator.HUAGE-20180601Q\Desktop\TS80     #
#                    1.07a\TEMP\APP.Obj\STM32F103_Startup.o"                  #
#                    "C:\Users\Administrator.HUAGE-20180601Q\Desktop\TS80     #
#                    1.07a\TEMP\APP.Obj\STM32F103_System.o"                   #
#                    "C:\Users\Administrator.HUAGE-20180601Q\Desktop\TS80     #
#                    1.07a\TEMP\APP.Obj\UI.o" "C:\Users\Administrator.HUAGE-2 #
#                    0180601Q\Desktop\TS80 1.07a\TEMP\APP.Obj\USB_bot.o"      #
#                    "C:\Users\Administrator.HUAGE-20180601Q\Desktop\TS80     #
#                    1.07a\TEMP\APP.Obj\USB_desc.o"                           #
#                    "C:\Users\Administrator.HUAGE-20180601Q\Desktop\TS80     #
#                    1.07a\TEMP\APP.Obj\USB_istr.o"                           #
#                    "C:\Users\Administrator.HUAGE-20180601Q\Desktop\TS80     #
#                    1.07a\TEMP\APP.Obj\USB_prop.o"                           #
#                    "C:\Users\Administrator.HUAGE-20180601Q\Desktop\TS80     #
#                    1.07a\TEMP\APP.Obj\USB_pwr.o"                            #
#                    "C:\Users\Administrator.HUAGE-20180601Q\Desktop\TS80     #
#                    1.07a\TEMP\APP.Obj\USB_scsi.o"                           #
#                    "C:\Users\Administrator.HUAGE-20180601Q\Desktop\TS80     #
#                    1.07a\TEMP\APP.Obj\misc.o" "C:\Users\Administrator.HUAGE #
#                    -20180601Q\Desktop\TS80 1.07a\TEMP\APP.Obj\own_sprintf.o #
#                    " "C:\Users\Administrator.HUAGE-20180601Q\Desktop\TS80   #
#                    1.07a\TEMP\APP.Obj\stm32f10x_adc.o"                      #
#                    "C:\Users\Administrator.HUAGE-20180601Q\Desktop\TS80     #
#                    1.07a\TEMP\APP.Obj\stm32f10x_bkp.o"                      #
#                    "C:\Users\Administrator.HUAGE-20180601Q\Desktop\TS80     #
#                    1.07a\TEMP\APP.Obj\stm32f10x_can.o"                      #
#                    "C:\Users\Administrator.HUAGE-20180601Q\Desktop\TS80     #
#                    1.07a\TEMP\APP.Obj\stm32f10x_cec.o"                      #
#                    "C:\Users\Administrator.HUAGE-20180601Q\Desktop\TS80     #
#                    1.07a\TEMP\APP.Obj\stm32f10x_crc.o"                      #
#                    "C:\Users\Administrator.HUAGE-20180601Q\Desktop\TS80     #
#                    1.07a\TEMP\APP.Obj\stm32f10x_dac.o"                      #
#                    "C:\Users\Administrator.HUAGE-20180601Q\Desktop\TS80     #
#                    1.07a\TEMP\APP.Obj\stm32f10x_dbgmcu.o"                   #
#                    "C:\Users\Administrator.HUAGE-20180601Q\Desktop\TS80     #
#                    1.07a\TEMP\APP.Obj\stm32f10x_dma.o"                      #
#                    "C:\Users\Administrator.HUAGE-20180601Q\Desktop\TS80     #
#                    1.07a\TEMP\APP.Obj\stm32f10x_exti.o"                     #
#                    "C:\Users\Administrator.HUAGE-20180601Q\Desktop\TS80     #
#                    1.07a\TEMP\APP.Obj\stm32f10x_flash.o"                    #
#                    "C:\Users\Administrator.HUAGE-20180601Q\Desktop\TS80     #
#                    1.07a\TEMP\APP.Obj\stm32f10x_fsmc.o"                     #
#                    "C:\Users\Administrator.HUAGE-20180601Q\Desktop\TS80     #
#                    1.07a\TEMP\APP.Obj\stm32f10x_gpio.o"                     #
#                    "C:\Users\Administrator.HUAGE-20180601Q\Desktop\TS80     #
#                    1.07a\TEMP\APP.Obj\stm32f10x_i2c.o"                      #
#                    "C:\Users\Administrator.HUAGE-20180601Q\Desktop\TS80     #
#                    1.07a\TEMP\APP.Obj\stm32f10x_iwdg.o"                     #
#                    "C:\Users\Administrator.HUAGE-20180601Q\Desktop\TS80     #
#                    1.07a\TEMP\APP.Obj\stm32f10x_pwr.o"                      #
#                    "C:\Users\Administrator.HUAGE-20180601Q\Desktop\TS80     #
#                    1.07a\TEMP\APP.Obj\stm32f10x_rcc.o"                      #
#                    "C:\Users\Administrator.HUAGE-20180601Q\Desktop\TS80     #
#                    1.07a\TEMP\APP.Obj\stm32f10x_rtc.o"                      #
#                    "C:\Users\Administrator.HUAGE-20180601Q\Desktop\TS80     #
#                    1.07a\TEMP\APP.Obj\stm32f10x_sdio.o"                     #
#                    "C:\Users\Administrator.HUAGE-20180601Q\Desktop\TS80     #
#                    1.07a\TEMP\APP.Obj\stm32f10x_spi.o"                      #
#                    "C:\Users\Administrator.HUAGE-20180601Q\Desktop\TS80     #
#                    1.07a\TEMP\APP.Obj\stm32f10x_tim.o"                      #
#                    "C:\Users\Administrator.HUAGE-20180601Q\Desktop\TS80     #
#                    1.07a\TEMP\APP.Obj\stm32f10x_usart.o"                    #
#                    "C:\Users\Administrator.HUAGE-20180601Q\Desktop\TS80     #
#                    1.07a\TEMP\APP.Obj\stm32f10x_wwdg.o"                     #
#                    "C:\Users\Administrator.HUAGE-20180601Q\Desktop\TS80     #
#                    1.07a\TEMP\APP.Obj\usb_core.o"                           #
#                    "C:\Users\Administrator.HUAGE-20180601Q\Desktop\TS80     #
#                    1.07a\TEMP\APP.Obj\usb_init.o"                           #
#                    "C:\Users\Administrator.HUAGE-20180601Q\Desktop\TS80     #
#                    1.07a\TEMP\APP.Obj\usb_int.o"                            #
#                    "C:\Users\Administrator.HUAGE-20180601Q\Desktop\TS80     #
#                    1.07a\TEMP\APP.Obj\usb_mem.o"                            #
#                    "C:\Users\Administrator.HUAGE-20180601Q\Desktop\TS80     #
#                    1.07a\TEMP\APP.Obj\usb_regs.o"                           #
#                    "C:\Users\Administrator.HUAGE-20180601Q\Desktop\TS80     #
#                    1.07a\TEMP\APP.Obj\usb_sil.o" --redirect                 #
#                    _Printf=_PrintfFull --redirect _Scanf=_ScanfFull -o      #
#                    "C:\Users\Administrator.HUAGE-20180601Q\Desktop\TS80     #
#                    1.07a\S080App_V2.17\Exe\APP.out" --map                   #
#                    "C:\Users\Administrator.HUAGE-20180601Q\Desktop\TS80     #
#                    1.07a\S080App_V2.17\..\TEMP\APP.List\APP.map" --config   #
#                    "C:\Users\Administrator.HUAGE-20180601Q\Desktop\TS80     #
#                    1.07a\S080App_V2.17\STM32F103_APP.icf" --semihosting     #
#                    --entry __iar_program_start --no_exceptions --no_vfe     #
#                                                                             #
#                                                                             #
###############################################################################

*******************************************************************************
*** RUNTIME MODEL ATTRIBUTES
***

CppFlavor       = *
__SystemLibrary = DLib


*******************************************************************************
*** PLACEMENT SUMMARY
***

"A1":  place at 0x08004000 { ro section .intvec };
"P1":  place in [from 0x08004000 to 0x0800bfff] { ro };
"P2":  place in [from 0x20000000 to 0x20004fff] { rw, block CSTACK, block HEAP };

  Section            Kind        Address    Size  Object
  -------            ----        -------    ----  ------
"A1":                                      0x130
  .intvec            ro code  0x08004000   0x130  STM32F103_Startup.o [1]
                            - 0x08004130   0x130

"P1":                                     0x7c6c
  .text              ro code  0x08004130  0x21c0  UI.o [1]
  .text              ro code  0x080062f0   0x33c  HARDWARE.o [1]
  .text              ro code  0x0800662c   0xc04  CTRL.o [1]
  .text              ro code  0x08007230    0x36  strlen.o [5]
  .text              ro code  0x08007266    0x22  zero_init3.o [5]
  .text              ro code  0x08007288    0x66  ABImemset.o [5]
  .text              ro code  0x080072ee   0x174  own_sprintf.o [1]
  .text              ro code  0x08007464   0x428  Oled.o [1]
  .text              ro code  0x0800788c   0x67e  Bios.o [1]
  .text              ro code  0x08007f0c     0x6  ABImemclr4.o [5]
  .text              ro code  0x08007f14    0x76  ABImemcpy.o [5]
  .text              ro code  0x08007f8c   0xeb8  Disk.o [1]
  .text              ro code  0x08008e44    0x34  stm32f10x_iwdg.o [1]
  .text              ro code  0x08008e78    0x2e  DblCmpGe.o [4]
  .text              ro code  0x08008ea8    0xe8  DblAdd.o [4]
  .text              ro code  0x08008f90   0x1a2  DblMul.o [4]
  .text              ro code  0x08009134   0x180  DblSub.o [4]
  .text              ro code  0x080092b4    0x2e  DblCmpLe.o [4]
  .text              ro code  0x080092e4   0x150  stm32f10x_gpio.o [1]
  .text              ro code  0x08009434   0x1d6  stm32f10x_adc.o [1]
  .text              ro code  0x0800960c    0x1c  I32ToDbl.o [4]
  .text              ro code  0x08009628    0x4c  DblToI32.o [4]
  .text              ro code  0x08009674   0x108  MMA8652FC.o [1]
  .text              ro code  0x0800977c   0x232  I2C.o [1]
  .text              ro code  0x080099b0     0x6  ABImemclr.o [5]
  .text              ro code  0x080099b8    0xfc  stm32f10x_rcc.o [1]
  .text              ro code  0x08009ab4   0x10e  stm32f10x_flash.o [1]
  .text              ro code  0x08009bc4    0x8c  misc.o [1]
  .text              ro code  0x08009c50    0x8c  stm32f10x_exti.o [1]
  .text              ro code  0x08009cdc   0x12c  stm32f10x_dma.o [1]
  .text              ro code  0x08009e08    0xf0  stm32f10x_tim.o [1]
  .text              ro code  0x08009ef8    0x32  ABImemset48.o [5]
  .text              ro code  0x08009f2c    0x62  memcmp.o [5]
  .text              ro code  0x08009f90    0x16  strchr.o [5]
  .text              ro code  0x08009fa8    0x44  strcpy.o [5]
  .text              ro code  0x08009fec    0x1c  strcat.o [3]
  .text              ro code  0x0800a008    0x4c  Flash.o [1]
  .text              ro code  0x0800a054    0x48  usb_mem.o [1]
  .text              ro code  0x0800a09c   0x1ba  usb_regs.o [1]
  .text              ro code  0x0800a258   0x2a2  USB_bot.o [1]
  .text              ro code  0x0800a4fc   0x218  USB_scsi.o [1]
  .text              ro code  0x0800a714   0x7d2  usb_core.o [1]
  .text              ro code  0x0800aee8   0x274  USB_prop.o [1]
  .text              ro code  0x0800b15c    0x24  USB_pwr.o [1]
  .rodata            const    0x0800b180   0x198  Disk.o [1]
  .text              ro code  0x0800b318   0x16a  lz77_init3c.o [5]
  .text              ro code  0x0800b482     0x6  abort.o [3]
  .text              ro code  0x0800b488    0x14  exit.o [6]
  .rodata            const    0x0800b49c   0x150  UI.o [1]
  .text              ro code  0x0800b5ec   0x140  usb_int.o [1]
  .text              ro code  0x0800b72c    0xd0  STM32F103_System.o [1]
  .text              ro code  0x0800b7fc    0x9c  Main.o [1]
  .text              ro code  0x0800b898    0x20  usb_init.o [1]
  .rodata            const    0x0800b8b8    0x98  USB_desc.o [1]
  .text              ro code  0x0800b950    0x50  USB_istr.o [1]
  .text              ro code  0x0800b9a0    0x3c  Interrupt.o [1]
  .text              ro code  0x0800b9dc    0x28  data_init3.o [5]
  .iar.init_table    const    0x0800ba04    0x2c  - Linker created -
  .text              ro code  0x0800ba30    0x16  cmain.o [5]
  .text              ro code  0x0800ba46     0x4  low_level_init.o [3]
  .text              ro code  0x0800ba4a     0x4  exit.o [3]
  .text              ro code  0x0800ba50     0xa  cexit.o [5]
  .text              ro code  0x0800ba5c    0x10  STM32F103_Startup.o [1]
  .text              ro code  0x0800ba6c     0xc  cstartup_M.o [5]
  .text              ro code  0x0800ba78     0x4  STM32F103_Startup.o [1]
  .text              ro code  0x0800ba7c     0x4  STM32F103_Startup.o [1]
  .text              ro code  0x0800ba80     0x4  STM32F103_Startup.o [1]
  .text              ro code  0x0800ba84     0x4  STM32F103_Startup.o [1]
  .text              ro code  0x0800ba88     0x4  STM32F103_Startup.o [1]
  .text              ro code  0x0800ba8c     0x4  STM32F103_Startup.o [1]
  .text              ro code  0x0800ba90     0x4  STM32F103_Startup.o [1]
  .text              ro code  0x0800ba94     0x4  STM32F103_Startup.o [1]
  .text              ro code  0x0800ba98     0x4  STM32F103_Startup.o [1]
  .text              ro code  0x0800ba9c     0x4  STM32F103_Startup.o [1]
  .text              ro code  0x0800baa0     0x4  STM32F103_Startup.o [1]
  .text              ro code  0x0800baa4     0x4  STM32F103_Startup.o [1]
  .text              ro code  0x0800baa8     0x4  STM32F103_Startup.o [1]
  .text              ro code  0x0800baac     0x4  STM32F103_Startup.o [1]
  .text              ro code  0x0800bab0     0x4  STM32F103_Startup.o [1]
  .text              ro code  0x0800bab4     0x4  STM32F103_Startup.o [1]
  .text              ro code  0x0800bab8     0x4  STM32F103_Startup.o [1]
  .text              ro code  0x0800babc     0x4  STM32F103_Startup.o [1]
  .text              ro code  0x0800bac0     0x4  STM32F103_Startup.o [1]
  .text              ro code  0x0800bac4     0x4  STM32F103_Startup.o [1]
  .text              ro code  0x0800bac8     0x4  STM32F103_Startup.o [1]
  .text              ro code  0x0800bacc     0x4  STM32F103_Startup.o [1]
  .text              ro code  0x0800bad0     0x4  STM32F103_Startup.o [1]
  .text              ro code  0x0800bad4     0x4  STM32F103_Startup.o [1]
  .text              ro code  0x0800bad8     0x4  STM32F103_Startup.o [1]
  .text              ro code  0x0800badc     0x4  STM32F103_Startup.o [1]
  .text              ro code  0x0800bae0     0x4  STM32F103_Startup.o [1]
  .text              ro code  0x0800bae4     0x4  STM32F103_Startup.o [1]
  .text              ro code  0x0800bae8     0x4  STM32F103_Startup.o [1]
  .text              ro code  0x0800baec     0x4  STM32F103_Startup.o [1]
  .text              ro code  0x0800baf0     0x4  STM32F103_Startup.o [1]
  .text              ro code  0x0800baf4     0x4  STM32F103_Startup.o [1]
  .text              ro code  0x0800baf8     0x4  STM32F103_Startup.o [1]
  .text              ro code  0x0800bafc     0x4  STM32F103_Startup.o [1]
  .text              ro code  0x0800bb00     0x4  STM32F103_Startup.o [1]
  .text              ro code  0x0800bb04     0x4  STM32F103_Startup.o [1]
  .text              ro code  0x0800bb08     0x4  STM32F103_Startup.o [1]
  .text              ro code  0x0800bb0c     0x4  STM32F103_Startup.o [1]
  .text              ro code  0x0800bb10     0x4  STM32F103_Startup.o [1]
  .text              ro code  0x0800bb14     0x4  STM32F103_Startup.o [1]
  .text              ro code  0x0800bb18     0x4  STM32F103_Startup.o [1]
  .text              ro code  0x0800bb1c     0x4  STM32F103_Startup.o [1]
  .text              ro code  0x0800bb20     0x4  STM32F103_Startup.o [1]
  .text              ro code  0x0800bb24     0x4  STM32F103_Startup.o [1]
  .text              ro code  0x0800bb28     0x4  STM32F103_Startup.o [1]
  .text              ro code  0x0800bb2c     0x4  STM32F103_Startup.o [1]
  .text              ro code  0x0800bb30     0x4  STM32F103_Startup.o [1]
  .text              ro code  0x0800bb34     0x4  STM32F103_Startup.o [1]
  .text              ro code  0x0800bb38     0x4  STM32F103_Startup.o [1]
  .text              ro code  0x0800bb3c     0x4  STM32F103_Startup.o [1]
  .text              ro code  0x0800bb40     0x4  STM32F103_Startup.o [1]
  .text              ro code  0x0800bb44     0x4  STM32F103_Startup.o [1]
  .text              ro code  0x0800bb48     0x4  STM32F103_Startup.o [1]
  .text              ro code  0x0800bb4c     0x4  STM32F103_Startup.o [1]
  .text              ro code  0x0800bb50     0x4  STM32F103_Startup.o [1]
  .text              ro code  0x0800bb54     0x4  STM32F103_Startup.o [1]
  .text              ro code  0x0800bb58     0x4  STM32F103_Startup.o [1]
  .text              ro code  0x0800bb5c     0x4  STM32F103_Startup.o [1]
  .text              ro code  0x0800bb60     0x4  STM32F103_Startup.o [1]
  .text              ro code  0x0800bb64     0x4  STM32F103_Startup.o [1]
  .text              ro code  0x0800bb68     0x4  STM32F103_Startup.o [1]
  .text              ro code  0x0800bb6c     0x4  STM32F103_Startup.o [1]
  .text              ro code  0x0800bb70     0x4  STM32F103_Startup.o [1]
  .text              ro code  0x0800bb74     0x4  STM32F103_Startup.o [1]
  .text              ro code  0x0800bb78     0x4  STM32F103_Startup.o [1]
  .text              ro code  0x0800bb7c     0x4  STM32F103_Startup.o [1]
  .text              ro code  0x0800bb80     0x4  STM32F103_Startup.o [1]
  .text              ro code  0x0800bb84     0x4  STM32F103_Startup.o [1]
  .text              ro code  0x0800bb88     0x4  STM32F103_Startup.o [1]
  .rodata            const    0x0800bb8c     0x0  zero_init3.o [5]
  .rodata            const    0x0800bb8c     0x0  lz77_init3c.o [5]
  Initializer bytes  ro data  0x0800bb8c   0x20f  <for P2 s0>
                            - 0x0800bd9b  0x7c6b

"P2", part 1 of 3:                         0x8cc
  P2 s0                       0x20000000   0x8cc  <Init block>
    .data            inited   0x20000000   0x228  Disk.o [1]
    .data            inited   0x20000228   0x1e8  UI.o [1]
    .data            inited   0x20000410   0x1b8  UI.o [1]
    .data            inited   0x200005c8    0x78  UI.o [1]
    .data            inited   0x20000640    0x70  CTRL.o [1]
    .data            inited   0x200006b0    0x64  Disk.o [1]
    .data            inited   0x20000714    0x30  USB_prop.o [1]
    .data            inited   0x20000744    0x2c  UI.o [1]
    .data            inited   0x20000770    0x28  USB_prop.o [1]
    .data            inited   0x20000798    0x24  USB_prop.o [1]
    .data            inited   0x200007bc    0x1c  USB_desc.o [1]
    .data            inited   0x200007d8    0x1c  USB_istr.o [1]
    .data            inited   0x200007f4    0x1c  USB_istr.o [1]
    .data            inited   0x20000810    0x18  Oled.o [1]
    .data            inited   0x20000828    0x14  HARDWARE.o [1]
    .data            inited   0x2000083c    0x14  HARDWARE.o [1]
    .data            inited   0x20000850    0x14  USB_scsi.o [1]
    .data            inited   0x20000864    0x10  UI.o [1]
    .data            inited   0x20000874     0xd  MMA8652FC.o [1]
    .data            inited   0x20000881     0x6  UI.o [1]
    .data            inited   0x20000888     0xc  Bios.o [1]
    .data            inited   0x20000894     0xc  HARDWARE.o [1]
    .data            inited   0x200008a0     0xc  USB_scsi.o [1]
    .data            inited   0x200008ac     0x8  USB_prop.o [1]
    .data            inited   0x200008b4     0x8  USB_prop.o [1]
    .data            inited   0x200008bc     0x8  USB_scsi.o [1]
    .data            inited   0x200008c4     0x4  USB_prop.o [1]
    .data            inited   0x200008c8     0x4  USB_scsi.o [1]
                            - 0x200008cc   0x8cc

"P2", part 2 of 3:                        0x2974
  .bss               zero     0x200008cc  0x283c  Disk.o [1]
  .bss               zero     0x20003108    0x40  USB_bot.o [1]
  .bss               zero     0x20003148    0x2c  USB_bot.o [1]
  .bss               zero     0x20003174    0x28  usb_init.o [1]
  .bss               zero     0x2000319c    0x24  Bios.o [1]
  .bss               zero     0x200031c0    0x10  USB_bot.o [1]
  .bss               zero     0x200031d0     0xc  Disk.o [1]
  .bss               zero     0x200031dc     0x8  Disk.o [1]
  .bss               zero     0x200031e4     0x8  HARDWARE.o [1]
  .bss               zero     0x200031ec     0x8  HARDWARE.o [1]
  .bss               zero     0x200031f4     0x8  HARDWARE.o [1]
  .bss               zero     0x200031fc     0x8  MMA8652FC.o [1]
  .bss               zero     0x20003204     0x8  UI.o [1]
  .bss               zero     0x2000320c     0x8  USB_scsi.o [1]
  .bss               zero     0x20003214     0x8  USB_scsi.o [1]
  .bss               zero     0x2000321c     0x4  Bios.o [1]
  .bss               zero     0x20003220     0x4  CTRL.o [1]
  .bss               zero     0x20003224     0x4  Main.o [1]
  .bss               zero     0x20003228     0x4  USB_prop.o [1]
  .bss               zero     0x2000322c     0x4  USB_pwr.o [1]
  .bss               zero     0x20003230     0x4  usb_core.o [1]
  .bss               zero     0x20003234     0x4  usb_int.o [1]
  .bss               zero     0x20003238     0x2  USB_istr.o [1]
  .bss               zero     0x2000323a     0x2  usb_init.o [1]
  .bss               zero     0x2000323c     0x1  CTRL.o [1]
  .bss               zero     0x2000323d     0x1  UI.o [1]
  .bss               zero     0x2000323e     0x1  usb_core.o [1]
  .bss               zero     0x2000323f     0x1  usb_init.o [1]
                            - 0x20003240  0x2974

"P2", part 3 of 3:                         0x400
  CSTACK                      0x20003240   0x400  <Block>
    CSTACK           uninit   0x20003240   0x400  <Block tail>
                            - 0x20003640   0x400


*******************************************************************************
*** INIT TABLE
***

          Address     Size
          -------     ----
Zero (__iar_zero_init3)
    1 destination range, total size 0x2974:
          0x200008cc  0x2974

Copy/lz77 (__iar_lz77_init3)
    1 source range, total size 0x20f (23% of destination):
          0x0800bb8c   0x20f
    1 destination range, total size 0x8cc:
          0x20000000   0x8cc



*******************************************************************************
*** MODULE SUMMARY
***

    Module               ro code  ro data  rw data
    ------               -------  -------  -------
C:\Users\Administrator.HUAGE-20180601Q\Desktop\TS80 1.07a\TEMP\APP.Obj: [1]
    Bios.o                 1 662        3       52
    CTRL.o                 3 076       26      117
    Disk.o                 3 768      561   10 972
    Flash.o                   76
    HARDWARE.o               828       12       76
    I2C.o                    562
    Interrupt.o               60
    MMA8652FC.o              264        3       21
    Main.o                   156                 4
    Oled.o                 1 064        5       24
    STM32F103_Startup.o      596
    STM32F103_System.o       208
    UI.o                   8 640      596    1 123
    USB_bot.o                674               124
    USB_desc.o                        158       28
    USB_istr.o                80       14       58
    USB_prop.o               628       34      148
    USB_pwr.o                 36                 4
    USB_scsi.o               536       11       60
    misc.o                   140
    own_sprintf.o            372
    stm32f10x_adc.o          470
    stm32f10x_dma.o          300
    stm32f10x_exti.o         140
    stm32f10x_flash.o        270
    stm32f10x_gpio.o         336
    stm32f10x_iwdg.o          52
    stm32f10x_rcc.o          252
    stm32f10x_tim.o          240
    usb_core.o             2 002                 5
    usb_init.o                32                43
    usb_int.o                320                 4
    usb_mem.o                 72
    usb_regs.o               442
    ----------------------------------------------
    Total:                28 354    1 423   12 863

command line: [2]
    ----------------------------------------------
    Total:

dl7M_tln.a: [3]
    abort.o                    6
    exit.o                     4
    low_level_init.o           4
    strcat.o                  28
    ----------------------------------------------
    Total:                    42

m7M_tl.a: [4]
    DblAdd.o                 232
    DblCmpGe.o                46
    DblCmpLe.o                46
    DblMul.o                 418
    DblSub.o                 384
    DblToI32.o                76
    I32ToDbl.o                28
    ----------------------------------------------
    Total:                 1 230

rt7M_tl.a: [5]
    ABImemclr.o                6
    ABImemclr4.o               6
    ABImemcpy.o              118
    ABImemset.o              102
    ABImemset48.o             50
    cexit.o                   10
    cmain.o                   22
    cstartup_M.o              12
    data_init3.o              40
    lz77_init3c.o            362
    memcmp.o                  98
    strchr.o                  22
    strcpy.o                  68
    strlen.o                  54
    zero_init3.o              34
    ----------------------------------------------
    Total:                 1 004

shb_l.a: [6]
    exit.o                    20
    ----------------------------------------------
    Total:                    20

    Gaps                      38                 1
    Linker created                     44    1 024
--------------------------------------------------
    Grand Total:          30 688    1 467   13 888


*******************************************************************************
*** ENTRY LIST
***

Entry                      Address    Size  Type      Object
-----                      -------    ----  ----      ------
?main                   0x0800ba31          Code  Gb  cmain.o [5]
ADC1ConvertedValue      0x2000321c     0x4  Data  Gb  Bios.o [1]
ADC1_2_IRQHandler       0x08007e27    0x32  Code  Gb  Bios.o [1]
ADC3_IRQHandler         0x0800bb59          Code  Wk  STM32F103_Startup.o [1]
ADC_AnalogWatchdogCmd   0x080095b3     0xc  Code  Gb  stm32f10x_adc.o [1]
ADC_AnalogWatchdogSingleChannelConfig
                        0x080095c5     0xc  Code  Gb  stm32f10x_adc.o [1]
ADC_AnalogWatchdogThresholdsConfig
                        0x080095bf     0x6  Code  Gb  stm32f10x_adc.o [1]
ADC_ClearITPendingBit   0x08009603     0x2  Code  Gb  stm32f10x_adc.o [1]
ADC_Cmd                 0x080094c3    0x12  Code  Gb  stm32f10x_adc.o [1]
ADC_DMACmd              0x080094d5    0x12  Code  Gb  stm32f10x_adc.o [1]
ADC_DeInit              0x08009435    0x52  Code  Gb  stm32f10x_adc.o [1]
ADC_GetCalibrationStatus
                        0x08009513     0x4  Code  Gb  stm32f10x_adc.o [1]
ADC_GetConversionValue  0x080095ad     0x6  Code  Gb  stm32f10x_adc.o [1]
ADC_GetITStatus         0x080095e9    0x1a  Code  Gb  stm32f10x_adc.o [1]
ADC_GetResetCalibrationStatus
                        0x08009503     0x6  Code  Gb  stm32f10x_adc.o [1]
ADC_ITConfig            0x080094e7    0x12  Code  Gb  stm32f10x_adc.o [1]
ADC_Init                0x08009487    0x3c  Code  Gb  stm32f10x_adc.o [1]
ADC_RegularChannelConfig
                        0x0800952f    0x7e  Code  Gb  stm32f10x_adc.o [1]
ADC_ResetCalibration    0x080094f9     0xa  Code  Gb  stm32f10x_adc.o [1]
ADC_SoftwareStartConvCmd
                        0x0800951d    0x12  Code  Gb  stm32f10x_adc.o [1]
ADC_StartCalibration    0x08009509     0xa  Code  Gb  stm32f10x_adc.o [1]
APP_Init                0x08004155    0x2e  Code  Gb  UI.o [1]
ASCII6X5                0x08005554    0x50  Data  Gb  UI.o [1]
ASCII8X16               0x08004dc0   0x5f0  Data  Gb  UI.o [1]
Accelerometer_pos       0x20000880     0x1  Data  Gb  MMA8652FC.o [1]
Ad_Init                 0x08007b43   0x128  Code  Gb  Bios.o [1]
Adapt_pos               0x20000643     0x1  Data  Lc  CTRL.o [1]
BOOT_SEC                0x08008c3c   0x200  Data  Gb  Disk.o [1]
Bot_Abort               0x0800a4cd    0x24  Code  Gb  USB_bot.o [1]
Bot_State               0x20003168     0x1  Data  Gb  USB_bot.o [1]
Bulk_Buff               0x20003108    0x40  Data  Gb  USB_bot.o [1]
BusFault_Handler        0x0800b9a7     0x2  Code  Gb  Interrupt.o [1]
ByteSwap                0x0800a24d     0xa  Code  Gb  usb_regs.o [1]
CAN1_RX1_IRQHandler     0x0800baf1          Code  Wk  STM32F103_Startup.o [1]
CAN1_SCE_IRQHandler     0x0800baf5          Code  Wk  STM32F103_Startup.o [1]
CBW                     0x20003148    0x20  Data  Gb  USB_bot.o [1]
CBW_Decode              0x0800a2ed   0x15a  Code  Gb  USB_bot.o [1]
CSTACK$$Base            0x20003240           --   Gb  - Linker created -
CSTACK$$Limit           0x20003640           --   Gb  - Linker created -
CSW                     0x200031c0    0x10  Data  Gb  USB_bot.o [1]
CTR_LP                  0x0800b5ed   0x128  Code  Gb  usb_int.o [1]
Clean_Char              0x08007587    0x2e  Code  Gb  Oled.o [1]
ClearDTOG_RX            0x0800a145    0x24  Code  Gb  usb_regs.o [1]
ClearDTOG_TX            0x0800a169    0x22  Code  Gb  usb_regs.o [1]
Clear_LongKey           0x0800630b    0x16  Code  Gb  HARDWARE.o [1]
Clear_MMA_INT           0x0800967b    0x2e  Code  Gb  MMA8652FC.o [1]
Clear_Screen            0x08007631    0x26  Code  Gb  Oled.o [1]
Clear_Status_Out        0x0800a127    0x14  Code  Gb  usb_regs.o [1]
Clear_Watchdog          0x08006623     0xa  Code  Gb  HARDWARE.o [1]
Config_Analysis         0x080081c7   0x22a  Code  Lc  Disk.o [1]
Config_Descriptor       0x200008b4     0x8  Data  Gb  USB_prop.o [1]
Config_Read             0x08008611   0x142  Code  Gb  Disk.o [1]
Config_Save             0x080083f1   0x1f0  Code  Gb  Disk.o [1]
DMA1_Channel1_IRQHandler
                        0x0800bac9          Code  Wk  STM32F103_Startup.o [1]
DMA1_Channel2_IRQHandler
                        0x0800bacd          Code  Wk  STM32F103_Startup.o [1]
DMA1_Channel3_IRQHandler
                        0x0800bad1          Code  Wk  STM32F103_Startup.o [1]
DMA1_Channel4_IRQHandler
                        0x0800bad5          Code  Wk  STM32F103_Startup.o [1]
DMA1_Channel5_IRQHandler
                        0x0800bad9          Code  Wk  STM32F103_Startup.o [1]
DMA1_Channel6_IRQHandler
                        0x0800badd          Code  Wk  STM32F103_Startup.o [1]
DMA1_Channel7_IRQHandler
                        0x0800bae1          Code  Wk  STM32F103_Startup.o [1]
DMA2_Channel1_IRQHandler
                        0x0800bb7d          Code  Wk  STM32F103_Startup.o [1]
DMA2_Channel2_IRQHandler
                        0x0800bb81          Code  Wk  STM32F103_Startup.o [1]
DMA2_Channel3_IRQHandler
                        0x0800bb85          Code  Wk  STM32F103_Startup.o [1]
DMA2_Channel4_5_IRQHandler
                        0x0800bb89          Code  Wk  STM32F103_Startup.o [1]
DMA_Cmd                 0x08009dad    0x14  Code  Gb  stm32f10x_dma.o [1]
DMA_DeInit              0x08009cdd    0x9a  Code  Gb  stm32f10x_dma.o [1]
DMA_ITConfig            0x08009dc1    0x10  Code  Gb  stm32f10x_dma.o [1]
DMA_Init                0x08009d77    0x36  Code  Gb  stm32f10x_dma.o [1]
DataStageIn             0x0800aa53    0xa6  Code  Lc  usb_core.o [1]
DataStageOut            0x0800a9c1    0x92  Code  Lc  usb_core.o [1]
Data_Len                0x2000316a     0x2  Data  Gb  USB_bot.o [1]
Data_Mul_MaxPacketSize  0x2000323e     0x1  Data  Gb  usb_core.o [1]
Data_Setup0             0x0800abc3   0x176  Code  Lc  usb_core.o [1]
DebugMon_Handler        0x0800b9ad     0x2  Code  Gb  Interrupt.o [1]
Decimal                 0x080053b0    0xa0  Data  Gb  UI.o [1]
Delay_HalfMs            0x080078b5     0x2  Code  Gb  Bios.o [1]
Delay_Ms                0x080078b1     0x4  Code  Gb  Bios.o [1]
Delay_uS                0x0800977d     0xa  Code  Gb  I2C.o [1]
Device_Descriptor       0x200008ac     0x8  Data  Gb  USB_prop.o [1]
Device_Info             0x20003174    0x1c  Data  Gb  usb_init.o [1]
Device_Property         0x20000714    0x30  Data  Gb  USB_prop.o [1]
Device_Table            0x200008c4     0x4  Data  Gb  USB_prop.o [1]
Disk_BuffInit           0x08007f8f    0x22  Code  Gb  Disk.o [1]
Disk_Inquiry_Str        0x0800a6f0    0x24  Data  Gb  USB_scsi.o [1]
Disk_SecRead            0x080088d9    0x72  Code  Gb  Disk.o [1]
Disk_SecWrite           0x0800878d   0x140  Code  Gb  Disk.o [1]
Display_BG              0x0800765f   0x144  Code  Gb  Oled.o [1]
Display_Str             0x08004cfd    0x6e  Code  Gb  UI.o [1]
Display_Str10           0x080055a5    0x54  Code  Gb  UI.o [1]
Display_Str6            0x0800551f    0x34  Code  Gb  UI.o [1]
Display_Str8            0x08004d85    0x3a  Code  Gb  UI.o [1]
Display_Temp            0x080041b9    0x56  Code  Gb  UI.o [1]
EP1_IN_Callback         0x0800b999     0x4  Code  Gb  USB_istr.o [1]
EP2_OUT_Callback        0x0800b99d     0x4  Code  Gb  USB_istr.o [1]
EPindex                 0x2000323f     0x1  Data  Gb  usb_init.o [1]
EXTI0_IRQHandler        0x0800bab5          Code  Wk  STM32F103_Startup.o [1]
EXTI15_10_IRQHandler    0x0800bb3d          Code  Wk  STM32F103_Startup.o [1]
EXTI1_IRQHandler        0x0800bab9          Code  Wk  STM32F103_Startup.o [1]
EXTI2_IRQHandler        0x0800babd          Code  Wk  STM32F103_Startup.o [1]
EXTI3_IRQHandler        0x0800bac1          Code  Wk  STM32F103_Startup.o [1]
EXTI4_IRQHandler        0x0800bac5          Code  Wk  STM32F103_Startup.o [1]
EXTI9_5_IRQHandler      0x0800b9bf    0x18  Code  Gb  Interrupt.o [1]
EXTI_ClearITPendingBit  0x08009ccb     0x2  Code  Gb  stm32f10x_exti.o [1]
EXTI_GetITStatus        0x08009cb5    0x16  Code  Gb  stm32f10x_exti.o [1]
EXTI_Init               0x08009c51    0x64  Code  Gb  stm32f10x_exti.o [1]
FLASH_ClearFlag         0x08009b63     0x6  Code  Gb  stm32f10x_flash.o [1]
FLASH_Erase             0x0800a02b    0x24  Code  Gb  Flash.o [1]
FLASH_ErasePage         0x08009af9    0x2a  Code  Gb  stm32f10x_flash.o [1]
FLASH_GetBank1Status    0x08009b69    0x22  Code  Gb  stm32f10x_flash.o [1]
FLASH_IRQHandler        0x0800baad          Code  Wk  STM32F103_Startup.o [1]
FLASH_Lock              0x08009ae9     0x2  Code  Gb  stm32f10x_flash.o [1]
FLASH_PrefetchBufferCmd
                        0x08009ac1     0xa  Code  Gb  stm32f10x_flash.o [1]
FLASH_Prog              0x0800a009    0x22  Code  Gb  Flash.o [1]
FLASH_ProgramHalfWord   0x08009b31    0x2a  Code  Gb  stm32f10x_flash.o [1]
FLASH_SetLatency        0x08009ab5     0xc  Code  Gb  stm32f10x_flash.o [1]
FLASH_Unlock            0x08009ad5     0x2  Code  Gb  stm32f10x_flash.o [1]
FLASH_WaitForLastOperation
                        0x08009ba5     0x4  Code  Gb  stm32f10x_flash.o [1]
FSMC_IRQHandler         0x0800bb5d          Code  Wk  STM32F103_Startup.o [1]
GPIO_Config             0x080079f3    0xea  Code  Gb  Bios.o [1]
GPIO_EXTILineConfig     0x08009409    0x22  Code  Gb  stm32f10x_gpio.o [1]
GPIO_Init               0x080092e5    0xbc  Code  Gb  stm32f10x_gpio.o [1]
GPIO_Init_OLED          0x080075b5    0x20  Code  Gb  Oled.o [1]
GPIO_PinRemapConfig     0x080093b7    0x52  Code  Gb  stm32f10x_gpio.o [1]
GPIO_ReadInputDataBit   0x080093a1     0xe  Code  Gb  stm32f10x_gpio.o [1]
GPIO_ResetBits          0x080093b3     0x4  Code  Gb  stm32f10x_gpio.o [1]
GPIO_SetBits            0x080093af     0x4  Code  Gb  stm32f10x_gpio.o [1]
GPIO_Vol_Init           0x08007e59    0x44  Code  Gb  Bios.o [1]
GetEPRxAddr             0x0800a19d     0xe  Code  Gb  usb_regs.o [1]
GetEPRxCount            0x0800a1f1     0xe  Code  Gb  usb_regs.o [1]
GetEPTxAddr             0x0800a19b     0x2  Code  Gb  usb_regs.o [1]
Get_AdcValue            0x0800788d     0xa  Code  Gb  Bios.o [1]
Get_AlarmType           0x08006321     0x6  Code  Gb  HARDWARE.o [1]
Get_AvgAd               0x08006495    0x28  Code  Gb  HARDWARE.o [1]
Get_CalFlag             0x080062f1     0x6  Code  Gb  HARDWARE.o [1]
Get_CtrlStatus          0x080066f9     0x8  Code  Gb  CTRL.o [1]
Get_HeatingTime         0x0800789f     0x8  Code  Gb  Bios.o [1]
Get_Max_Lun             0x0800b0cd    0x12  Code  Gb  USB_prop.o [1]
Get_MmaActive           0x08009675     0x6  Code  Gb  MMA8652FC.o [1]
Get_Resistance          0x080067e9    0x7c  Code  Gb  CTRL.o [1]
Get_SensorTmp           0x080064e7    0x6a  Code  Gb  HARDWARE.o [1]
Get_SerialNum           0x0800b0df    0x3c  Code  Gb  USB_prop.o [1]
Get_SlAvg               0x08006465    0x30  Code  Gb  HARDWARE.o [1]
Get_Temp                0x08006579    0x5c  Code  Gb  HARDWARE.o [1]
Get_TempSlAvg           0x080064bd    0x2a  Code  Gb  HARDWARE.o [1]
Get_gKey                0x080062f7     0xa  Code  Gb  HARDWARE.o [1]
Guide                   0x0800489c    0xc0  Data  Gb  UI.o [1]
HardFault_Handler       0x0800b9a3     0x2  Code  Gb  Interrupt.o [1]
Heating_Time            0x08006993    0x24  Code  Gb  CTRL.o [1]
HighVt                  0x08004a60    0x8c  Data  Gb  UI.o [1]
I2C1_ER_IRQHandler      0x0800bb1d          Code  Wk  STM32F103_Startup.o [1]
I2C1_EV_IRQHandler      0x0800bb19          Code  Wk  STM32F103_Startup.o [1]
I2C2_ER_IRQHandler      0x0800bb25          Code  Wk  STM32F103_Startup.o [1]
I2C2_EV_IRQHandler      0x0800bb21          Code  Wk  STM32F103_Startup.o [1]
I2C_ByteWrite           0x0800993f    0x24  Code  Gb  I2C.o [1]
I2C_Configuration       0x08009787    0x1e  Code  Gb  I2C.o [1]
I2C_PageRead            0x08009963    0x46  Code  Gb  I2C.o [1]
I2C_PageWrite           0x0800990d    0x32  Code  Gb  I2C.o [1]
IIC_RegRead             0x080096cd    0x26  Code  Gb  MMA8652FC.o [1]
IIC_RegWrite            0x080096a9    0x24  Code  Gb  MMA8652FC.o [1]
IWDG_Enable             0x08008e61     0xa  Code  Gb  stm32f10x_iwdg.o [1]
IWDG_ReloadCounter      0x08008e57     0xa  Code  Gb  stm32f10x_iwdg.o [1]
IWDG_SetPrescaler       0x08008e4b     0x6  Code  Gb  stm32f10x_iwdg.o [1]
IWDG_SetReload          0x08008e51     0x6  Code  Gb  stm32f10x_iwdg.o [1]
IWDG_WriteAccessCmd     0x08008e45     0x6  Code  Gb  stm32f10x_iwdg.o [1]
IhIcon                  0x08004ce4    0x18  Data  Gb  UI.o [1]
In0_Process             0x0800adb5    0x46  Code  Gb  usb_core.o [1]
InStream_Read           0x0800b319    0x28  Code  Lc  lz77_init3c.o [5]
Init_Gtime              0x080078a7     0xa  Code  Gb  Bios.o [1]
Init_Oled               0x080075d5    0x4a  Code  Gb  Oled.o [1]
Init_Timer2             0x08007c7b    0x5c  Code  Gb  Bios.o [1]
Init_Timer3             0x08007cd7    0x5a  Code  Gb  Bios.o [1]
Is_ST_LIS2DH12          0x0800975b    0x16  Code  Gb  MMA8652FC.o [1]
Key_Read                0x08006369    0xfc  Code  Gb  HARDWARE.o [1]
LowVot                  0x080049d4    0x8c  Data  Gb  UI.o [1]
MASS_ConfigDescriptor   0x0800b8cc    0x20  Data  Gb  USB_desc.o [1]
MASS_Data_Setup         0x0800b01d    0x3e  Code  Gb  USB_prop.o [1]
MASS_DeviceDescriptor   0x0800b8b8    0x14  Data  Gb  USB_desc.o [1]
MASS_GetConfigDescriptor
                        0x0800b0af     0x6  Code  Gb  USB_prop.o [1]
MASS_GetDeviceDescriptor
                        0x0800b0a9     0x6  Code  Gb  USB_prop.o [1]
MASS_GetStringDescriptor
                        0x0800b0b5    0x18  Code  Gb  USB_prop.o [1]
MASS_Get_Interface_Setting
                        0x0800b09f     0xa  Code  Gb  USB_prop.o [1]
MASS_NoData_Setup       0x0800b05b    0x44  Code  Gb  USB_prop.o [1]
MASS_Reset              0x0800af13    0xbc  Code  Gb  USB_prop.o [1]
MASS_Status_In          0x0800b019     0x2  Code  Gb  USB_prop.o [1]
MASS_Status_Out         0x0800b01b     0x2  Code  Gb  USB_prop.o [1]
MASS_StringInterface    0x0800b940    0x10  Data  Gb  USB_desc.o [1]
MASS_StringLangID       0x0800b8ec     0x4  Data  Gb  USB_desc.o [1]
MASS_StringProduct      0x0800b918    0x28  Data  Gb  USB_desc.o [1]
MASS_StringSerial       0x200007bc    0x1c  Data  Gb  USB_desc.o [1]
MASS_StringVendor       0x0800b8f0    0x28  Data  Gb  USB_desc.o [1]
MASS_init               0x0800aee9    0x2a  Code  Gb  USB_prop.o [1]
MMA_INT1                0x2000323c     0x1  Data  Gb  CTRL.o [1]
Maplib                  0x080043e4   0x240  Data  Gb  UI.o [1]
MarkAd_pos              0x200031e4     0x1  Data  Gb  HARDWARE.o [1]
Mass_Storage_ClearFeature
                        0x0800afff    0x12  Code  Gb  USB_prop.o [1]
Mass_Storage_In         0x0800a259    0x42  Code  Gb  USB_bot.o [1]
Mass_Storage_Out        0x0800a29b    0x52  Code  Gb  USB_bot.o [1]
Mass_Storage_SetConfiguration
                        0x0800afd9    0x26  Code  Gb  USB_prop.o [1]
Mass_Storage_SetDeviceAddress
                        0x0800b011     0x8  Code  Gb  USB_prop.o [1]
Max_Lun                 0x20003228     0x4  Data  Gb  USB_prop.o [1]
MemManage_Handler       0x0800b9a5     0x2  Code  Gb  Interrupt.o [1]
Mini                    0x080077cc    0xc0  Data  Gb  Oled.o [1]
Mode_Sense10_data       0x200008bc     0x8  Data  Gb  USB_scsi.o [1]
Mode_Sense6_data        0x200008c8     0x4  Data  Gb  USB_scsi.o [1]
NMI_Handler             0x0800b9a1     0x2  Code  Gb  Interrupt.o [1]
NOP_Process             0x0800aee5     0x2  Code  Gb  usb_core.o [1]
NVIC_Config             0x08007999    0x40  Code  Gb  Bios.o [1]
NVIC_Init               0x08009bcf    0x58  Code  Gb  misc.o [1]
NVIC_PriorityGroupConfig
                        0x08009bc5     0xa  Code  Gb  misc.o [1]
NVIC_SetVectorTable     0x08009c27     0xc  Code  Gb  misc.o [1]
NoData_Setup0           0x0800aaf9    0xca  Code  Lc  usb_core.o [1]
Number10                0x0800b4e8   0x104  Data  Gb  UI.o [1]
Number12                0x080046d0   0x108  Data  Gb  UI.o [1]
Oled_DisplayOff         0x0800748f    0x16  Code  Gb  Oled.o [1]
Oled_DisplayOn          0x08007477    0x18  Code  Gb  Oled.o [1]
Oled_DrawArea           0x080074e1    0x52  Code  Gb  Oled.o [1]
Oled_DrawArea_2         0x08007533    0x54  Code  Gb  Oled.o [1]
Out0_Process            0x0800adfb    0x30  Code  Gb  usb_core.o [1]
PMAToUserBufferCopy     0x0800a07f    0x1e  Code  Gb  usb_mem.o [1]
PVD_IRQHandler          0x0800baa1          Code  Wk  STM32F103_Startup.o [1]
Page00_Inquiry_Data     0x2000320c     0x8  Data  Gb  USB_scsi.o [1]
PendSV_Handler          0x0800b9af     0x2  Code  Gb  Interrupt.o [1]
Pid_Init                0x08006893    0x20  Code  Gb  CTRL.o [1]
Pid_Realize             0x080068b3    0xe0  Code  Gb  CTRL.o [1]
Post0_Process           0x0800ae33    0x2c  Code  Gb  usb_core.o [1]
PowerOn                 0x0800b15d    0x16  Code  Gb  USB_pwr.o [1]
RCC_AHBPeriphClockCmd   0x08009a15    0x12  Code  Gb  stm32f10x_rcc.o [1]
RCC_APB1PeriphClockCmd  0x08009a39    0x12  Code  Gb  stm32f10x_rcc.o [1]
RCC_APB2PeriphClockCmd  0x08009a27    0x12  Code  Gb  stm32f10x_rcc.o [1]
RCC_APB2PeriphResetCmd  0x08009a4b    0x12  Code  Gb  stm32f10x_rcc.o [1]
RCC_Config              0x0800790b    0x8e  Code  Gb  Bios.o [1]
RCC_DeInit              0x080099b9    0x32  Code  Gb  stm32f10x_rcc.o [1]
RCC_GetFlagStatus       0x08009a5d    0x2a  Code  Gb  stm32f10x_rcc.o [1]
RCC_GetSYSCLKSource     0x08009a05     0xa  Code  Gb  stm32f10x_rcc.o [1]
RCC_HSICmd              0x080099eb     0x6  Code  Gb  stm32f10x_rcc.o [1]
RCC_IRQHandler          0x0800bab1          Code  Wk  STM32F103_Startup.o [1]
RCC_PLLCmd              0x080099f1     0x6  Code  Gb  stm32f10x_rcc.o [1]
RCC_SYSCLKConfig        0x080099f7     0xe  Code  Gb  stm32f10x_rcc.o [1]
RCC_USBCLKConfig        0x08009a0f     0x6  Code  Gb  stm32f10x_rcc.o [1]
RTCAlarm_IRQHandler     0x0800bb41          Code  Wk  STM32F103_Startup.o [1]
RTC_IRQHandler          0x0800baa9          Code  Wk  STM32F103_Startup.o [1]
ReWriteFlsash           0x0800894b    0x52  Code  Gb  Disk.o [1]
ReWrite_All             0x0800899d    0x3e  Code  Gb  Disk.o [1]
ReadCapacity10_Data     0x20003214     0x8  Data  Gb  USB_scsi.o [1]
ReadFormatCapacity      0x200008a0     0xc  Data  Gb  USB_scsi.o [1]
Read_Memory             0x080089db    0xa0  Code  Gb  Disk.o [1]
Read_Vb                 0x08006327    0x42  Code  Gb  HARDWARE.o [1]
Region$$Table$$Base     0x0800ba04           --   Gb  - Linker created -
Region$$Table$$Limit    0x0800ba30           --   Gb  - Linker created -
Reset_Handler           0x0800ba5d          Code  Wk  STM32F103_Startup.o [1]
Resistance              0x20003224     0x4  Data  Gb  Main.o [1]
Restore_Setting         0x08008b23    0x4c  Code  Gb  Disk.o [1]
Reverse_Bin8            0x08004215    0x2a  Code  Lc  UI.o [1]
Roll_Num                0x08005dcd    0x52  Code  Gb  UI.o [1]
SCSI_Address_Management
                        0x0800a685    0x4a  Code  Gb  USB_scsi.o [1]
SCSI_BlkLen             0x20003170     0x4  Data  Gb  USB_bot.o [1]
SCSI_Inquiry_Cmd        0x0800a4fd    0x1e  Code  Gb  USB_scsi.o [1]
SCSI_Invalid_Cmd        0x0800a65f    0x26  Code  Gb  USB_scsi.o [1]
SCSI_LBA                0x2000316c     0x4  Data  Gb  USB_bot.o [1]
SCSI_ModeSense10_Cmd    0x0800a561     0x8  Code  Gb  USB_scsi.o [1]
SCSI_ModeSense6_Cmd     0x0800a559     0x8  Code  Gb  USB_scsi.o [1]
SCSI_Read10_Cmd         0x0800a583    0x4e  Code  Gb  USB_scsi.o [1]
SCSI_ReadCapacity10_Cmd
                        0x0800a539    0x20  Code  Gb  USB_scsi.o [1]
SCSI_ReadFormatCapacity_Cmd
                        0x0800a51b    0x1e  Code  Gb  USB_scsi.o [1]
SCSI_RequestSense_Cmd   0x0800a569    0x10  Code  Gb  USB_scsi.o [1]
SCSI_Start_Stop_Unit_Cmd
                        0x0800a581     0x2  Code  Gb  USB_scsi.o [1]
SCSI_TestUnitReady_Cmd  0x0800a655     0x2  Code  Gb  USB_scsi.o [1]
SCSI_Verify10_Cmd       0x0800a629    0x24  Code  Gb  USB_scsi.o [1]
SCSI_Write10_Cmd        0x0800a5d7    0x52  Code  Gb  USB_scsi.o [1]
SDIO_IRQHandler         0x0800bb61          Code  Wk  STM32F103_Startup.o [1]
SPI1_IRQHandler         0x0800bb29          Code  Wk  STM32F103_Startup.o [1]
SPI2_IRQHandler         0x0800bb2d          Code  Wk  STM32F103_Startup.o [1]
SPI3_IRQHandler         0x0800bb69          Code  Wk  STM32F103_Startup.o [1]
SVC_Handler             0x0800b9ab     0x2  Code  Gb  Interrupt.o [1]
SaveRState              0x20003234     0x2  Data  Gb  usb_int.o [1]
SaveTState              0x20003236     0x2  Data  Gb  usb_int.o [1]
Scr_Protect             0x08007465    0x12  Code  Gb  Oled.o [1]
Scsi_Sense_Data         0x20000850    0x14  Data  Gb  USB_scsi.o [1]
SearchFile              0x08007fcf    0x66  Code  Gb  Disk.o [1]
SenErr                  0x08006264    0x8c  Data  Gb  UI.o [1]
SetBTABLE               0x0800a09d     0xe  Code  Gb  usb_regs.o [1]
SetDeviceAddress        0x0800ae6b    0x36  Code  Gb  usb_core.o [1]
SetEPRxAddr             0x0800a18d     0xe  Code  Gb  usb_regs.o [1]
SetEPRxCount            0x0800a1b9    0x38  Code  Gb  usb_regs.o [1]
SetEPRxStatus           0x0800a0e1    0x20  Code  Gb  usb_regs.o [1]
SetEPRxValid            0x0800a10f    0x18  Code  Gb  usb_regs.o [1]
SetEPTxAddr             0x0800a18b     0x2  Code  Gb  usb_regs.o [1]
SetEPTxCount            0x0800a1ab     0xe  Code  Gb  usb_regs.o [1]
SetEPTxStatus           0x0800a0bf    0x22  Code  Gb  usb_regs.o [1]
SetEPType               0x0800a0ab    0x14  Code  Gb  usb_regs.o [1]
Set_CSW                 0x0800a479    0x3c  Code  Gb  USB_bot.o [1]
Set_CtrlStatus          0x08006701    0x10  Code  Gb  CTRL.o [1]
Set_CurLimit            0x08007de5    0x42  Code  Gb  Bios.o [1]
Set_HeatingTime         0x08007897     0x8  Code  Gb  Bios.o [1]
Set_LongKeyFlag         0x08006301     0xa  Code  Gb  HARDWARE.o [1]
Set_Scsi_Sense_Data     0x0800a579     0x8  Code  Gb  USB_scsi.o [1]
Set_ShowPos             0x080074ad    0x2c  Code  Gb  Oled.o [1]
Setup0_Process          0x0800ad4d    0x68  Code  Gb  usb_core.o [1]
Setup_DispItem          0x0800560d   0x22e  Code  Lc  UI.o [1]
Setup_ItemProc          0x08005885   0x1fa  Code  Lc  UI.o [1]
Setup_Proc              0x08005aab    0xb4  Code  Gb  UI.o [1]
Shift_Char              0x08005b6d    0x32  Code  Gb  UI.o [1]
Show_HeatingIcon        0x08004bb5    0x88  Code  Gb  UI.o [1]
Show_Notice             0x0800437d    0x5c  Code  Gb  UI.o [1]
Show_OrderChar          0x08004aed    0xc8  Code  Lc  UI.o [1]
Show_ReverseChar        0x0800423f   0x13e  Code  Lc  UI.o [1]
Show_Set                0x08005c8f    0x7c  Code  Gb  UI.o [1]
Show_TempDown           0x080047d9    0xc2  Code  Gb  UI.o [1]
Show_TempReverse        0x08005b9f    0xf0  Code  Gb  UI.o [1]
Show_Triangle           0x0800546f    0xa4  Code  Gb  UI.o [1]
Show_Ver                0x08004625    0xaa  Code  Gb  UI.o [1]
Show_Volt               0x08004183    0x36  Code  Gb  UI.o [1]
Show_Warning            0x0800496f    0x62  Code  Gb  UI.o [1]
Sim_I2C_RD_Byte         0x080098a9    0x58  Code  Gb  I2C.o [1]
Sim_I2C_Set             0x080097ad    0x1a  Code  Gb  I2C.o [1]
Sim_I2C_Start           0x080097c7    0x40  Code  Gb  I2C.o [1]
Sim_I2C_Stop            0x0800980d    0x2c  Code  Gb  I2C.o [1]
Sim_I2C_WR_Byte         0x08009839    0x60  Code  Gb  I2C.o [1]
Soft_Delay              0x08007f8d     0x2  Code  Gb  Disk.o [1]
Standard_ClearFeature   0x0800a857    0xc2  Code  Gb  usb_core.o [1]
Standard_GetConfiguration
                        0x0800a715    0x18  Code  Gb  usb_core.o [1]
Standard_GetDescriptorData
                        0x0800a9a7    0x1a  Code  Gb  usb_core.o [1]
Standard_GetInterface   0x0800a75f    0x18  Code  Gb  usb_core.o [1]
Standard_GetStatus      0x0800a7c7    0x88  Code  Gb  usb_core.o [1]
Standard_SetConfiguration
                        0x0800a72d    0x32  Code  Gb  usb_core.o [1]
Standard_SetDeviceFeature
                        0x0800a98b    0x1c  Code  Gb  usb_core.o [1]
Standard_SetEndPointFeature
                        0x0800a919    0x72  Code  Gb  usb_core.o [1]
Standard_SetInterface   0x0800a781    0x46  Code  Gb  usb_core.o [1]
StartUp_Accelerated     0x080096f3    0x68  Code  Gb  MMA8652FC.o [1]
Start_Watchdog          0x080065f9    0x2a  Code  Gb  HARDWARE.o [1]
StatusInfo              0x20003230     0x4  Data  Gb  usb_core.o [1]
Status_Tran             0x08006ae9   0x61e  Code  Gb  CTRL.o [1]
String_Descriptor       0x20000770    0x28  Data  Gb  USB_prop.o [1]
SysTick_Handler         0x0800b9b1     0x2  Code  Gb  Interrupt.o [1]
SystemInit              0x0800b72d    0xba  Code  Gb  STM32F103_System.o [1]
System_Init             0x08006711     0xe  Code  Gb  CTRL.o [1]
TAMPER_IRQHandler       0x0800baa5          Code  Wk  STM32F103_Startup.o [1]
TIM1_BRK_IRQHandler     0x0800bafd          Code  Wk  STM32F103_Startup.o [1]
TIM1_CC_IRQHandler      0x0800bb09          Code  Wk  STM32F103_Startup.o [1]
TIM1_TRG_COM_IRQHandler
                        0x0800bb05          Code  Wk  STM32F103_Startup.o [1]
TIM1_UP_IRQHandler      0x0800bb01          Code  Wk  STM32F103_Startup.o [1]
TIM2_IRQHandler         0x0800b9b7     0x4  Code  Gb  Interrupt.o [1]
TIM2_ISR                0x08007d4b    0x3e  Code  Gb  Bios.o [1]
TIM3_IRQHandler         0x0800b9bb     0x4  Code  Gb  Interrupt.o [1]
TIM3_ISR                0x08007d91    0x54  Code  Gb  Bios.o [1]
TIM4_IRQHandler         0x0800bb15          Code  Wk  STM32F103_Startup.o [1]
TIM5_IRQHandler         0x0800bb65          Code  Wk  STM32F103_Startup.o [1]
TIM6_IRQHandler         0x0800bb75          Code  Wk  STM32F103_Startup.o [1]
TIM7_IRQHandler         0x0800bb79          Code  Wk  STM32F103_Startup.o [1]
TIM8_BRK_IRQHandler     0x0800bb49          Code  Wk  STM32F103_Startup.o [1]
TIM8_CC_IRQHandler      0x0800bb55          Code  Wk  STM32F103_Startup.o [1]
TIM8_TRG_COM_IRQHandler
                        0x0800bb51          Code  Wk  STM32F103_Startup.o [1]
TIM8_UP_IRQHandler      0x0800bb4d          Code  Wk  STM32F103_Startup.o [1]
TIM_ARRPreloadConfig    0x08009eb5    0x14  Code  Gb  stm32f10x_tim.o [1]
TIM_ClearITPendingBit   0x08009ec9     0x2  Code  Gb  stm32f10x_tim.o [1]
TIM_Cmd                 0x08009e91    0x14  Code  Gb  stm32f10x_tim.o [1]
TIM_ITConfig            0x08009ea5    0x10  Code  Gb  stm32f10x_tim.o [1]
TIM_TimeBaseInit        0x08009e09    0x88  Code  Gb  stm32f10x_tim.o [1]
TempIcon                0x08004c3c    0xa8  Data  Gb  UI.o [1]
TempSet_Proc            0x08005e1f    0xe6  Code  Gb  UI.o [1]
Temp_conversion         0x08004131    0x24  Code  Gb  UI.o [1]
Timer_Counter           0x20003220     0x4  Data  Gb  CTRL.o [1]
Timer_ElapseValue       0x08006635    0x1c  Code  Gb  CTRL.o [1]
Timer_StartValue        0x0800662d     0x8  Code  Gb  CTRL.o [1]
Transfer_Data_Request   0x0800a447    0x32  Code  Gb  USB_bot.o [1]
Triangle                0x08005d0c    0xc0  Data  Gb  UI.o [1]
UART4_IRQHandler        0x0800bb6d          Code  Wk  STM32F103_Startup.o [1]
UART5_IRQHandler        0x0800bb71          Code  Wk  STM32F103_Startup.o [1]
USART1_IRQHandler       0x0800bb31          Code  Wk  STM32F103_Startup.o [1]
USART2_IRQHandler       0x0800bb35          Code  Wk  STM32F103_Startup.o [1]
USART3_IRQHandler       0x0800bb39          Code  Wk  STM32F103_Startup.o [1]
USBWakeUp_IRQHandler    0x0800bb45          Code  Wk  STM32F103_Startup.o [1]
USB_HP_CAN1_TX_IRQHandler
                        0x0800bae9          Code  Wk  STM32F103_Startup.o [1]
USB_Init                0x0800b899    0x20  Code  Gb  usb_init.o [1]
USB_Istr                0x0800b951    0x36  Code  Gb  USB_istr.o [1]
USB_LP_CAN1_RX0_IRQHandler
                        0x0800b9b3     0x4  Code  Gb  Interrupt.o [1]
USB_Port                0x080078c7    0x44  Code  Gb  Bios.o [1]
Upper                   0x08007fb1    0x1e  Code  Gb  Disk.o [1]
UsageFault_Handler      0x0800b9a9     0x2  Code  Gb  Interrupt.o [1]
UserToPMABufferCopy     0x0800a055    0x2a  Code  Gb  usb_mem.o [1]
User_Standard_Requests  0x20000798    0x24  Data  Gb  USB_prop.o [1]
Ver_s                   0x20000228    0xd8  Data  Gb  UI.o [1]
Vol_Calculation         0x080069b7   0x128  Code  Gb  CTRL.o [1]
Vol_Get                 0x08006865    0x2e  Code  Gb  CTRL.o [1]
Vol_Set                 0x0800671f    0xa6  Code  Gb  CTRL.o [1]
WWDG_IRQHandler         0x0800ba9d          Code  Wk  STM32F103_Startup.o [1]
Warning                 0x080061b8    0xac  Data  Gb  UI.o [1]
Write_Memory            0x08008a7b    0xa8  Code  Gb  Disk.o [1]
Zero_Calibration        0x08006551    0x28  Code  Gb  HARDWARE.o [1]
__aeabi_cdcmple         0x080092b5          Code  Gb  DblCmpLe.o [4]
__aeabi_cdrcmple        0x08008e79          Code  Gb  DblCmpGe.o [4]
__aeabi_d2iz            0x08009629          Code  Gb  DblToI32.o [4]
__aeabi_dadd            0x08008ea9          Code  Gb  DblAdd.o [4]
__aeabi_dmul            0x08008f91          Code  Gb  DblMul.o [4]
__aeabi_dsub            0x08009135          Code  Gb  DblSub.o [4]
__aeabi_memclr          0x080099b1          Code  Gb  ABImemclr.o [5]
__aeabi_memclr4         0x08007f0d          Code  Gb  ABImemclr4.o [5]
__aeabi_memcpy          0x08007f15          Code  Gb  ABImemcpy.o [5]
__aeabi_memcpy4         0x08007f35          Code  Gb  ABImemcpy.o [5]
__aeabi_memcpy8         0x08007f35          Code  Gb  ABImemcpy.o [5]
__aeabi_memset          0x08007289          Code  Gb  ABImemset.o [5]
__aeabi_ui2d            0x0800960d          Code  Gb  I32ToDbl.o [4]
__cmain                 0x0800ba31          Code  Gb  cmain.o [5]
__exit                  0x0800b489    0x14  Code  Gb  exit.o [6]
__iar_Memset            0x08007289          Code  Gb  ABImemset.o [5]
__iar_Memset4_word      0x08009ef9          Code  Gb  ABImemset48.o [5]
__iar_Memset8_word      0x08009ef9          Code  Gb  ABImemset48.o [5]
__iar_Memset_word       0x08007291          Code  Gb  ABImemset.o [5]
__iar_Strchr            0x08009f91          Code  Gb  strchr.o [5]
__iar_d2uiz             0x08009655          Code  Gb  DblToI32.o [4]
__iar_dadd              0x08008ebd          Code  Gb  DblAdd.o [4]
__iar_data_init3        0x0800b9dd    0x28  Code  Gb  data_init3.o [5]
__iar_dsub              0x08009149          Code  Gb  DblSub.o [4]
__iar_dsubStart         0x0800915b          Code  Gb  DblSub.o [4]
__iar_lz77_init3        0x0800b341   0x13e  Code  Gb  lz77_init3c.o [5]
__iar_program_start     0x0800ba6d          Code  Gb  cstartup_M.o [5]
__iar_ui2d              0x08009611          Code  Gb  I32ToDbl.o [4]
__iar_zero_init3        0x08007267    0x22  Code  Gb  zero_init3.o [5]
__low_level_init        0x0800ba47     0x4  Code  Gb  low_level_init.o [3]
__own_itoa              0x080072fb    0x44  Code  Gb  own_sprintf.o [1]
__vector_table          0x08004000          Data  Gb  STM32F103_Startup.o [1]
_abs                    0x080072ef     0xc  Code  Gb  own_sprintf.o [1]
_atoi                   0x08008047    0x40  Code  Gb  Disk.o [1]
_call_main              0x0800ba3d          Code  Gb  cmain.o [5]
_exit                   0x0800ba51          Code  Gb  cexit.o [5]
_isSpaceLFCR            0x08008035    0x12  Code  Lc  Disk.o [1]
_main                   0x0800ba43          Code  Gb  cmain.o [5]
abort                   0x0800b483     0x6  Code  Gb  abort.o [3]
bDeviceState            0x2000322c     0x4  Data  Gb  USB_pwr.o [1]
device_info             0x20000670    0x38  Data  Gb  CTRL.o [1]
exit                    0x0800ba4b     0x4  Code  Gb  exit.o [3]
firstheat               0x200006a8     0x4  Data  Gb  CTRL.o [1]
frequency_pos           0x20000888     0x1  Data  Gb  Bios.o [1]
gAlarm_type             0x20000829     0x1  Data  Gb  HARDWARE.o [1]
gCalib_flag             0x20000828     0x1  Data  Gb  HARDWARE.o [1]
gCtrl_status            0x20000640     0x1  Data  Lc  CTRL.o [1]
gDef_set                0x200006ec    0x28  Data  Gb  Disk.o [1]
gDisk_buff              0x200008cc  0x2600  Data  Lc  Disk.o [1]
gDisk_var               0x20002ecc   0x23c  Data  Lc  Disk.o [1]
gDown_flag              0x20000882     0x1  Data  Lc  UI.o [1]
gFat_data               0x08008e3c     0x8  Data  Gb  Disk.o [1]
gFile_con               0x20000000   0x200  Data  Lc  Disk.o [1]
gFirst_entry            0x20000642     0x1  Data  Lc  CTRL.o [1]
gHeat_cnt               0x20000890     0x4  Data  Lc  Bios.o [1]
gHt_flag                0x20000664     0x2  Data  Lc  CTRL.o [1]
gKey_in                 0x2000084c     0x4  Data  Lc  HARDWARE.o [1]
gKey_words              0x20000200    0x28  Data  Gb  Disk.o [1]
gLevel_flag             0x20000883     0x1  Data  Lc  UI.o [1]
gLongkey_flag           0x2000083c     0x1  Data  Gb  HARDWARE.o [1]
gMs_timeout             0x2000088c     0x4  Data  Lc  Bios.o [1]
gOled_param             0x20000810    0x18  Data  Gb  Oled.o [1]
gPre_status             0x20000641     0x1  Data  Lc  CTRL.o [1]
gRewriteflag            0x200006b0    0x10  Data  Gb  Disk.o [1]
gSet_range              0x200006c4    0x28  Data  Gb  Disk.o [1]
gSet_table              0x200005c8    0x78  Data  Lc  UI.o [1]
gSys_settings           0x20000744    0x2c  Data  Gb  UI.o [1]
gTemp_array             0x20000300   0x110  Data  Lc  UI.o [1]
gTemp_array_u16         0x20000410   0x1a0  Data  Lc  UI.o [1]
gTempset_showctrl       0x20000864     0x1  Data  Lc  UI.o [1]
gTime                   0x200031a0    0x20  Data  Gb  Bios.o [1]
gTurn_mixv              0x20000838     0x4  Data  Gb  HARDWARE.o [1]
gTurn_offv              0x20000834     0x4  Data  Gb  HARDWARE.o [1]
gUp_flag                0x20000881     0x1  Data  Lc  UI.o [1]
gX_value                0x20000874     0x4  Data  Gb  MMA8652FC.o [1]
gY_value                0x20000878     0x4  Data  Gb  MMA8652FC.o [1]
gZ_value                0x2000087c     0x4  Data  Gb  MMA8652FC.o [1]
gZerop_ad               0x20000830     0x4  Data  Gb  HARDWARE.o [1]
gactive                 0x200031fc     0x2  Data  Gb  MMA8652FC.o [1]
info_def                0x080071f8    0x38  Data  Gb  CTRL.o [1]
isValidConfg            0x08008087   0x13c  Code  Lc  Disk.o [1]
lowvol                  0x2000082a     0x2  Data  Lc  HARDWARE.o [1]
main                    0x0800b7fd    0x9c  Code  Gb  Main.o [1]
memcmp                  0x08009f2d          Code  Gb  memcmp.o [5]
newSqrt                 0x08006651    0xa8  Code  Gb  CTRL.o [1]
over                    0x20000644     0x1  Data  Lc  CTRL.o [1]
own_sprintf             0x0800733f   0x124  Code  Gb  own_sprintf.o [1]
pEpInt_IN               0x200007d8    0x1c  Data  Gb  USB_istr.o [1]
pEpInt_OUT              0x200007f4    0x1c  Data  Gb  USB_istr.o [1]
pInformation            0x20003190     0x4  Data  Gb  usb_init.o [1]
pProperty               0x20003194     0x4  Data  Gb  usb_init.o [1]
pUser_Standard_Requests
                        0x20003198     0x4  Data  Gb  usb_init.o [1]
pid                     0x2000064c    0x18  Data  Gb  CTRL.o [1]
slide_data              0x200031e8     0x4  Data  Gb  HARDWARE.o [1]
strcat                  0x08009fed    0x1c  Code  Gb  strcat.o [3]
strchr                  0x08009f91          Code  Gb  strchr.o [5]
strcpy                  0x08009fa9          Code  Gb  strcpy.o [5]
strlen                  0x08007231          Code  Gb  strlen.o [5]
wInterrupt_Mask         0x2000323a     0x2  Data  Gb  usb_init.o [1]
wIstr                   0x20003238     0x2  Data  Gb  USB_istr.o [1]
wordlib                 0x08005f98   0x220  Data  Gb  UI.o [1]


[1] = C:\Users\Administrator.HUAGE-20180601Q\Desktop\TS80 1.07a\TEMP\APP.Obj
[2] = command line
[3] = dl7M_tln.a
[4] = m7M_tl.a
[5] = rt7M_tl.a
[6] = shb_l.a

  30 688 bytes of readonly  code memory
   1 467 bytes of readonly  data memory
  13 888 bytes of readwrite data memory

Errors: none
Warnings: none
